// Jest Snapshot v1, https://goo.gl/fbAQLP

exports[`Input component should render Input component with props 1`] = `ShallowWrapper {}`;
